// Jest Snapshot v1, https://goo.gl/fbAQLP

exports[`renders correctly 1`] = `
<View
  closeOnRowBeginSwipe={false}
  closeOnRowPress={true}
  closeOnScroll={true}
  directionalDistanceChangeThreshold={2}
  disableLeftSwipe={false}
  disableRightSwipe={false}
  leftOpenValue={0}
  previewFirstRow={false}
  recalculateHiddenLayout={false}
  rightOpenValue={0}
  style={Object {}}
  swipeToOpenPercent={50}
  virtual={undefined}
/>
`;
